VANGUARD BUSINESS SCHOOL, NO.128\nSHARDA ARTS & COMMERCE COLLEGE FOR WOMEN\nG. S. SCIENCE, ARTS AND COMMERCE COLLEGE, KHAMGAON-444303\nIIT, BOMBAY\nINDIAN INSTITUTE OF TECHNOLOGY, DELHI\nSmt. Khadase Science, Patil Arts College, Muktainagar\nSome College of Engineering, Pune 411038\n